Error US01: Date after current date: ['@I4@']
